// Jest Snapshot v1, https://goo.gl/fbAQLP

exports[`Matches shallow snapshot 1`] = `
<span
  class="_7zdld4"
>
  <span
    class="dBrB4g"
  />
  <span
    class="dBrB4g"
  />
  <span
    class="dBrB4g"
  />
</span>
`;
