// Jest Snapshot v1, https://goo.gl/fbAQLP

exports[`Matches shallow snapshot 1`] = `
<Routes>
  <Route
    element={<Examples />}
    path="*"
  />
</Routes>
`;
