// Jest Snapshot v1, https://goo.gl/fbAQLP

exports[`Matches shallow snapshot 1`] = `
<div
  class="T3cuHB"
>
  <div
    class="lqNh4h "
  />
  <div
    class="pPlQO2"
  >
    <h1>
      Error 404: Requested resource is not found.
    </h1>
  </div>
  <div
    class="lqNh4h "
  />
</div>
`;
