// Jest Snapshot v1, https://goo.gl/fbAQLP

exports[`Passes basic tests 1`] = `
[
  {},
  {
    "Application": "APPLICATION",
    "beforeRender": [Function],
    "devMode": false,
    "onExpressJsSetup": [Function],
  },
]
`;
