// Jest Snapshot v1, https://goo.gl/fbAQLP

exports[`Matches shallow snapshot 1`] = `
<div>
  <h1
    className="src-shared-components-HelloWorld-___style__title___UXPoT"
    data-tip="Tooltip Example"
  >
    Hello World!
  </h1>
  <p>
    Dr. Pogodin's React Starter is up!
  </p>
</div>
`;
