// Jest Snapshot v1, https://goo.gl/fbAQLP

exports[`performs correct SSR and client-side hydration 1`] = `"<!--$--><div class="-dr-pogodin-react-utils___src-shared-components-PageLayout-base-theme___container___T3cuHB"><div class="-dr-pogodin-react-utils___src-shared-components-PageLayout-base-theme___sidePanel___lqNh4h "></div><div class="-dr-pogodin-react-utils___src-shared-components-PageLayout-base-theme___mainPanel___pPlQO2"><h1>Dr. Pogodin's React Starter</h1><ul><li><a href="/api-client">API (HTTP) client</a></li><li><a href="/async-global-data">Async Global Data</a></li><li><a href="/code-splitting">Code Splitting</a></li><li><a href="/buttons">Buttons</a></li><li><a href="/global-state">Global State</a></li><li><a href="/input-form-components">Input Form Components</a></li><li><a href="/links">Link Tests</a></li><li><a href="/modal">Modal</a></li><li><a href="/page-layout">Page layout</a></li><li><a href="/react-themes">React themes</a></li><li><a href="/svg">SVG Demo</a></li><li><a href="/throbber">Throbber (activity indicator)</a></li><li><a href="/tooltip">Tooltip</a></li><li><a href="/youtube-video">YouTube video</a></li></ul></div><div class="-dr-pogodin-react-utils___src-shared-components-PageLayout-base-theme___sidePanel___lqNh4h "></div></div><!--/$-->"`;
